
> dihhapp@0.1.0 build
> next build

  Γû▓ Next.js 14.2.19
  - Environments: .env.local

   Creating an optimized production build ...
 ΓÜá Compiled with warnings

./node_modules/@metamask/sdk/dist/browser/es/metamask-sdk.js
Module not found: Can't resolve '@react-native-async-storage/async-storage' in 'C:\Users\obijr\Downloads\code\projects\web3\MidwestBlockathon2026\node_modules\@metamask\sdk\dist\browser\es'

Import trace for requested module:
./node_modules/@metamask/sdk/dist/browser/es/metamask-sdk.js
./node_modules/@wagmi/connectors/dist/esm/metaMask.js
./node_modules/@wagmi/connectors/dist/esm/exports/index.js
./node_modules/wagmi/dist/esm/exports/connectors.js
./node_modules/@privy-io/wagmi/dist/esm/index.mjs
./app/providers.tsx
./app/ClientProviders.tsx

 ΓÜá Compiled with warnings

./node_modules/@metamask/sdk/dist/browser/es/metamask-sdk.js
Module not found: Can't resolve '@react-native-async-storage/async-storage' in 'C:\Users\obijr\Downloads\code\projects\web3\MidwestBlockathon2026\node_modules\@metamask\sdk\dist\browser\es'

Import trace for requested module:
./node_modules/@metamask/sdk/dist/browser/es/metamask-sdk.js
./node_modules/@wagmi/connectors/dist/esm/metaMask.js
./node_modules/@wagmi/connectors/dist/esm/exports/index.js
./node_modules/wagmi/dist/esm/exports/connectors.js
./node_modules/@privy-io/wagmi/dist/esm/index.mjs
./app/providers.tsx
./app/ClientProviders.tsx

 Γ£ô Compiled successfully
   Linting and checking validity of types ...
   Collecting page data ...
PageNotFoundError: Cannot find module for page: /api/test-gemini
    at getPagePath (C:\Users\obijr\Downloads\code\projects\web3\MidwestBlockathon2026\node_modules\next\dist\server\require.js:94:15)
    at requirePage (C:\Users\obijr\Downloads\code\projects\web3\MidwestBlockathon2026\node_modules\next\dist\server\require.js:99:22)
    at C:\Users\obijr\Downloads\code\projects\web3\MidwestBlockathon2026\node_modules\next\dist\server\load-components.js:98:84
    at process.processTicksAndRejections (node:internal/process/task_queues:103:5)
    at async loadComponentsImpl (C:\Users\obijr\Downloads\code\projects\web3\MidwestBlockathon2026\node_modules\next\dist\server\load-components.js:98:26)
    at async C:\Users\obijr\Downloads\code\projects\web3\MidwestBlockathon2026\node_modules\next\dist\build\utils.js:1116:32
    at async Span.traceAsyncFn (C:\Users\obijr\Downloads\code\projects\web3\MidwestBlockathon2026\node_modules\next\dist\trace\trace.js:154:20) {
  code: 'ENOENT'
}
PageNotFoundError: Cannot find module for page: /api/wills/[id]/distribute
    at getPagePath (C:\Users\obijr\Downloads\code\projects\web3\MidwestBlockathon2026\node_modules\next\dist\server\require.js:94:15)
    at requirePage (C:\Users\obijr\Downloads\code\projects\web3\MidwestBlockathon2026\node_modules\next\dist\server\require.js:99:22)
    at C:\Users\obijr\Downloads\code\projects\web3\MidwestBlockathon2026\node_modules\next\dist\server\load-components.js:98:84
    at process.processTicksAndRejections (node:internal/process/task_queues:103:5)
    at async loadComponentsImpl (C:\Users\obijr\Downloads\code\projects\web3\MidwestBlockathon2026\node_modules\next\dist\server\load-components.js:98:26)
    at async C:\Users\obijr\Downloads\code\projects\web3\MidwestBlockathon2026\node_modules\next\dist\build\utils.js:1116:32
    at async Span.traceAsyncFn (C:\Users\obijr\Downloads\code\projects\web3\MidwestBlockathon2026\node_modules\next\dist\trace\trace.js:154:20) {
  code: 'ENOENT'
}

> Build error occurred
Error: Failed to collect page data for /api/wills/[id]/distribute
    at C:\Users\obijr\Downloads\code\projects\web3\MidwestBlockathon2026\node_modules\next\dist\build\utils.js:1268:15
    at process.processTicksAndRejections (node:internal/process/task_queues:103:5) {
  type: 'Error'
}
